// Jest Snapshot v1, https://goo.gl/fbAQLP

exports[`OrderUpdated Component Snapshot renders the UI as expected 1`] = `
<div
  className="flexed"
>
  <span
    className="flexedMid"
    title="Received"
  >
    <img
      alt="orderReceived"
      className="order"
      src="https://lfuen.github.io/laCarte/images/mealUpdated.png"
    />
  </span>
  <a
    href="/OrderHistory"
    onClick={[Function]}
  >
    <button
      className="shadow"
      type="button"
    >
      View Orders
    </button>
  </a>
</div>
`;
